Archive member included to satisfy reference by file (symbol)

E:/STM32CubeIDE_1.13.1/STM32CubeIDE/plugins/com.st.stm32cube.ide.mcu.externaltools.gnu-tools-for-stm32.11.3.rel1.win32_1.1.0.202305231506/tools/bin/../lib/gcc/arm-none-eabi/11.3.1/../../../../arm-none-eabi/lib/thumb/v7-m/nofp\libc_nano.a(libc_a-exit.o)
                              E:/STM32CubeIDE_1.13.1/STM32CubeIDE/plugins/com.st.stm32cube.ide.mcu.externaltools.gnu-tools-for-stm32.11.3.rel1.win32_1.1.0.202305231506/tools/bin/../lib/gcc/arm-none-eabi/11.3.1/../../../../arm-none-eabi/lib/thumb/v7-m/nofp/crt0.o (exit)
E:/STM32CubeIDE_1.13.1/STM32CubeIDE/plugins/com.st.stm32cube.ide.mcu.externaltools.gnu-tools-for-stm32.11.3.rel1.win32_1.1.0.202305231506/tools/bin/../lib/gcc/arm-none-eabi/11.3.1/../../../../arm-none-eabi/lib/thumb/v7-m/nofp\libc_nano.a(libc_a-findfp.o)
                              E:/STM32CubeIDE_1.13.1/STM32CubeIDE/plugins/com.st.stm32cube.ide.mcu.externaltools.gnu-tools-for-stm32.11.3.rel1.win32_1.1.0.202305231506/tools/bin/../lib/gcc/arm-none-eabi/11.3.1/../../../../arm-none-eabi/lib/thumb/v7-m/nofp\libc_nano.a(libc_a-exit.o) (__stdio_exit_handler)
E:/STM32CubeIDE_1.13.1/STM32CubeIDE/plugins/com.st.stm32cube.ide.mcu.externaltools.gnu-tools-for-stm32.11.3.rel1.win32_1.1.0.202305231506/tools/bin/../lib/gcc/arm-none-eabi/11.3.1/../../../../arm-none-eabi/lib/thumb/v7-m/nofp\libc_nano.a(libc_a-fwalk.o)
                              E:/STM32CubeIDE_1.13.1/STM32CubeIDE/plugins/com.st.stm32cube.ide.mcu.externaltools.gnu-tools-for-stm32.11.3.rel1.win32_1.1.0.202305231506/tools/bin/../lib/gcc/arm-none-eabi/11.3.1/../../../../arm-none-eabi/lib/thumb/v7-m/nofp\libc_nano.a(libc_a-findfp.o) (_fwalk_sglue)
E:/STM32CubeIDE_1.13.1/STM32CubeIDE/plugins/com.st.stm32cube.ide.mcu.externaltools.gnu-tools-for-stm32.11.3.rel1.win32_1.1.0.202305231506/tools/bin/../lib/gcc/arm-none-eabi/11.3.1/../../../../arm-none-eabi/lib/thumb/v7-m/nofp\libc_nano.a(libc_a-sprintf.o)
                              ./Core/Src/main.o (sprintf)
E:/STM32CubeIDE_1.13.1/STM32CubeIDE/plugins/com.st.stm32cube.ide.mcu.externaltools.gnu-tools-for-stm32.11.3.rel1.win32_1.1.0.202305231506/tools/bin/../lib/gcc/arm-none-eabi/11.3.1/../../../../arm-none-eabi/lib/thumb/v7-m/nofp\libc_nano.a(libc_a-stdio.o)
                              E:/STM32CubeIDE_1.13.1/STM32CubeIDE/plugins/com.st.stm32cube.ide.mcu.externaltools.gnu-tools-for-stm32.11.3.rel1.win32_1.1.0.202305231506/tools/bin/../lib/gcc/arm-none-eabi/11.3.1/../../../../arm-none-eabi/lib/thumb/v7-m/nofp\libc_nano.a(libc_a-findfp.o) (__sread)
E:/STM32CubeIDE_1.13.1/STM32CubeIDE/plugins/com.st.stm32cube.ide.mcu.externaltools.gnu-tools-for-stm32.11.3.rel1.win32_1.1.0.202305231506/tools/bin/../lib/gcc/arm-none-eabi/11.3.1/../../../../arm-none-eabi/lib/thumb/v7-m/nofp\libc_nano.a(libc_a-memset.o)
                              E:/STM32CubeIDE_1.13.1/STM32CubeIDE/plugins/com.st.stm32cube.ide.mcu.externaltools.gnu-tools-for-stm32.11.3.rel1.win32_1.1.0.202305231506/tools/bin/../lib/gcc/arm-none-eabi/11.3.1/../../../../arm-none-eabi/lib/thumb/v7-m/nofp/crt0.o (memset)
E:/STM32CubeIDE_1.13.1/STM32CubeIDE/plugins/com.st.stm32cube.ide.mcu.externaltools.gnu-tools-for-stm32.11.3.rel1.win32_1.1.0.202305231506/tools/bin/../lib/gcc/arm-none-eabi/11.3.1/../../../../arm-none-eabi/lib/thumb/v7-m/nofp\libc_nano.a(libc_a-closer.o)
                              E:/STM32CubeIDE_1.13.1/STM32CubeIDE/plugins/com.st.stm32cube.ide.mcu.externaltools.gnu-tools-for-stm32.11.3.rel1.win32_1.1.0.202305231506/tools/bin/../lib/gcc/arm-none-eabi/11.3.1/../../../../arm-none-eabi/lib/thumb/v7-m/nofp\libc_nano.a(libc_a-stdio.o) (_close_r)
E:/STM32CubeIDE_1.13.1/STM32CubeIDE/plugins/com.st.stm32cube.ide.mcu.externaltools.gnu-tools-for-stm32.11.3.rel1.win32_1.1.0.202305231506/tools/bin/../lib/gcc/arm-none-eabi/11.3.1/../../../../arm-none-eabi/lib/thumb/v7-m/nofp\libc_nano.a(libc_a-reent.o)
                              E:/STM32CubeIDE_1.13.1/STM32CubeIDE/plugins/com.st.stm32cube.ide.mcu.externaltools.gnu-tools-for-stm32.11.3.rel1.win32_1.1.0.202305231506/tools/bin/../lib/gcc/arm-none-eabi/11.3.1/../../../../arm-none-eabi/lib/thumb/v7-m/nofp\libc_nano.a(libc_a-closer.o) (errno)
E:/STM32CubeIDE_1.13.1/STM32CubeIDE/plugins/com.st.stm32cube.ide.mcu.externaltools.gnu-tools-for-stm32.11.3.rel1.win32_1.1.0.202305231506/tools/bin/../lib/gcc/arm-none-eabi/11.3.1/../../../../arm-none-eabi/lib/thumb/v7-m/nofp\libc_nano.a(libc_a-impure.o)
                              E:/STM32CubeIDE_1.13.1/STM32CubeIDE/plugins/com.st.stm32cube.ide.mcu.externaltools.gnu-tools-for-stm32.11.3.rel1.win32_1.1.0.202305231506/tools/bin/../lib/gcc/arm-none-eabi/11.3.1/../../../../arm-none-eabi/lib/thumb/v7-m/nofp\libc_nano.a(libc_a-sprintf.o) (_impure_ptr)
E:/STM32CubeIDE_1.13.1/STM32CubeIDE/plugins/com.st.stm32cube.ide.mcu.externaltools.gnu-tools-for-stm32.11.3.rel1.win32_1.1.0.202305231506/tools/bin/../lib/gcc/arm-none-eabi/11.3.1/../../../../arm-none-eabi/lib/thumb/v7-m/nofp\libc_nano.a(libc_a-lseekr.o)
[...]
Memory Configuration

Name             Origin             Length             Attributes
RAM              0x0000000020000000 0x0000000000005000 xrw
FLASH            0x0000000008000000 0x0000000000010000 xr
*default*        0x0000000000000000 0xffffffffffffffff

Linker script and memory map

LOAD E:/STM32CubeIDE_1.13.1/STM32CubeIDE/plugins/com.st.stm32cube.ide.mcu.externaltools.gnu-tools-for-stm32.11.3.rel1.win32_1.1.0.202305231506/tools/bin/../lib/gcc/arm-none-eabi/11.3.1/thumb/v7-m/nofp/crti.o
LOAD E:/STM32CubeIDE_1.13.1/STM32CubeIDE/plugins/com.st.stm32cube.ide.mcu.externaltools.gnu-tools-for-stm32.11.3.rel1.win32_1.1.0.202305231506/tools/bin/../lib/gcc/arm-none-eabi/11.3.1/thumb/v7-m/nofp/crtbegin.o
LOAD E:/STM32CubeIDE_1.13.1/STM32CubeIDE/plugins/com.st.stm32cube.ide.mcu.externaltools.gnu-tools-for-stm32.11.3.rel1.win32_1.1.0.202305231506/tools/bin/../lib/gcc/arm-none-eabi/11.3.1/../../../../arm-none-eabi/lib/thumb/v7-m/nofp/crt0.o
LOAD ./Core/Src/main.o
LOAD ./Core/Src/stm32f1xx_hal_msp.o
LOAD ./Core/Src/stm32f1xx_it.o
LOAD ./Core/Src/syscalls.o
LOAD ./Core/Src/sysmem.o
LOAD ./Core/Src/system_stm32f1xx.o
LOAD ./Core/Startup/startup_stm32f103c8tx.o
LOAD ./Drivers/ARM_Drivers/Delay_Micros/dwt_stm32_delay.o
LOAD ./Drivers/Device_Drivers/HD44780_LCD.o
LOAD ./Drivers/Device_Drivers/Matrix_Keypad.o
LOAD ./Drivers/STM32F1xx_HAL_Driver/Src/stm32f1xx_hal.o
LOAD ./Drivers/STM32F1xx_HAL_Driver/Src/stm32f1xx_hal_cortex.o
LOAD ./Drivers/STM32F1xx_HAL_Driver/Src/stm32f1xx_hal_dma.o
LOAD ./Drivers/STM32F1xx_HAL_Driver/Src/stm32f1xx_hal_exti.o
LOAD ./Drivers/STM32F1xx_HAL_Driver/Src/stm32f1xx_hal_flash.o
LOAD ./Drivers/STM32F1xx_HAL_Driver/Src/stm32f1xx_hal_flash_ex.o
LOAD ./Drivers/STM32F1xx_HAL_Driver/Src/stm32f1xx_hal_gpio.o
LOAD ./Drivers/STM32F1xx_HAL_Driver/Src/stm32f1xx_hal_gpio_ex.o
LOAD ./Drivers/STM32F1xx_HAL_Driver/Src/stm32f1xx_hal_pwr.o
LOAD ./Drivers/STM32F1xx_HAL_Driver/Src/stm32f1xx_hal_rcc.o
LOAD ./Drivers/STM32F1xx_HAL_Driver/Src/stm32f1xx_hal_rcc_ex.o
LOAD ./Drivers/STM32F1xx_HAL_Driver/Src/stm32f1xx_hal_tim.o
LOAD ./Drivers/STM32F1xx_HAL_Driver/Src/stm32f1xx_hal_tim_ex.o
START GROUP
LOAD E:/STM32CubeIDE_1.13.1/STM32CubeIDE/plugins/com.st.stm32cube.ide.mcu.externaltools.gnu-tools-for-stm32.11.3.rel1.win32_1.1.0.202305231506/tools/bin/../lib/gcc/arm-none-eabi/11.3.1/../../../../arm-none-eabi/lib/thumb/v7-m/nofp\libc_nano.a
LOAD E:/STM32CubeIDE_1.13.1/STM32CubeIDE/plugins/com.st.stm32cube.ide.mcu.externaltools.gnu-tools-for-stm32.11.3.rel1.win32_1.1.0.202305231506/tools/bin/../lib/gcc/arm-none-eabi/11.3.1/../../../../arm-none-eabi/lib/thumb/v7-m/nofp\libm.a
END GROUP
START GROUP
LOAD E:/STM32CubeIDE_1.13.1/STM32CubeIDE/plugins/com.st.stm32cube.ide.mcu.externaltools.gnu-tools-for-stm32.11.3.rel1.win32_1.1.0.202305231506/tools/bin/../lib/gcc/arm-none-eabi/11.3.1/thumb/v7-m/nofp\libgcc.a
LOAD E:/STM32CubeIDE_1.13.1/STM32CubeIDE/plugins/com.st.stm32cube.ide.mcu.externaltools.gnu-tools-for-stm32.11.3.rel1.win32_1.1.0.202305231506/tools/bin/../lib/gcc/arm-none-eabi/11.3.1/../../../../arm-none-eabi/lib/thumb/v7-m/nofp\libc_nano.a
END GROUP
START GROUP
LOAD E:/STM32CubeIDE_1.13.1/STM32CubeIDE/plugins/com.st.stm32cube.ide.mcu.externaltools.gnu-tools-for-stm32.11.3.rel1.win32_1.1.0.202305231506/tools/bin/../lib/gcc/arm-none-eabi/11.3.1/thumb/v7-m/nofp\libgcc.a
LOAD E:/STM32CubeIDE_1.13.1/STM32CubeIDE/plugins/com.st.stm32cube.ide.mcu.externaltools.gnu-tools-for-stm32.11.3.rel1.win32_1.1.0.202305231506/tools/bin/../lib/gcc/arm-none-eabi/11.3.1/../../../../arm-none-eabi/lib/thumb/v7-m/nofp\libc_nano.a
LOAD E:/STM32CubeIDE_1.13.1/STM32CubeIDE/plugins/com.st.stm32cube.ide.mcu.externaltools.gnu-tools-for-stm32.11.3.rel1.win32_1.1.0.202305231506/tools/bin/../lib/gcc/arm-none-eabi/11.3.1/../../../../arm-none-eabi/lib/thumb/v7-m/nofp\libnosys.a
END GROUP
START GROUP
LOAD E:/STM32CubeIDE_1.13.1/STM32CubeIDE/plugins/com.st.stm32cube.ide.mcu.externaltools.gnu-tools-for-stm32.11.3.rel1.win32_1.1.0.202305231506/tools/bin/../lib/gcc/arm-none-eabi/11.3.1/thumb/v7-m/nofp\libgcc.a
LOAD E:/STM32CubeIDE_1.13.1/STM32CubeIDE/plugins/com.st.stm32cube.ide.mcu.externaltools.gnu-tools-for-stm32.11.3.rel1.win32_1.1.0.202305231506/tools/bin/../lib/gcc/arm-none-eabi/11.3.1/../../../../arm-none-eabi/lib/thumb/v7-m/nofp\libc_nano.a
LOAD E:/STM32CubeIDE_1.13.1/STM32CubeIDE/plugins/com.st.stm32cube.ide.mcu.externaltools.gnu-tools-for-stm32.11.3.rel1.win32_1.1.0.202305231506/tools/bin/../lib/gcc/arm-none-eabi/11.3.1/../../../../arm-none-eabi/lib/thumb/v7-m/nofp\libnosys.a
END GROUP
LOAD E:/STM32CubeIDE_1.13.1/STM32CubeIDE/plugins/com.st.stm32cube.ide.mcu.externaltools.gnu-tools-for-stm32.11.3.rel1.win32_1.1.0.202305231506/tools/bin/../lib/gcc/arm-none-eabi/11.3.1/thumb/v7-m/nofp/crtend.o
LOAD E:/STM32CubeIDE_1.13.1/STM32CubeIDE/plugins/com.st.stm32cube.ide.mcu.externaltools.gnu-tools-for-stm32.11.3.rel1.win32_1.1.0.202305231506/tools/bin/../lib/gcc/arm-none-eabi/11.3.1/thumb/v7-m/nofp/crtn.o
                0x0000000020005000                _estack = (ORIGIN (RAM) + LENGTH (RAM))
                0x0000000000000200                _Min_Heap_Size = 0x200
                0x0000000000000400                _Min_Stack_Size = 0x400

.isr_vector     0x0000000008000000      0x10c
                0x0000000008000000                . = ALIGN (0x4)
 *(.isr_vector)
 .isr_vector    0x0000000008000000      0x10c ./Core/Startup/startup_stm32f103c8tx.o
                0x0000000008000000                g_pfnVectors
                0x000000000800010c                . = ALIGN (0x4)

.text           0x000000000800010c     0x220c
                0x000000000800010c                . = ALIGN (0x4)
 *(.text)
 .text          0x000000000800010c       0x40 E:/STM32CubeIDE_1.13.1/STM32CubeIDE/plugins/com.st.stm32cube.ide.mcu.externaltools.gnu-tools-for-stm32.11.3.rel1.win32_1.1.0.202305231506/tools/bin/../lib/gcc/arm-none-eabi/11.3.1/thumb/v7-m/nofp/crtbegin.o
 *(.text*)
 .text.main     0x000000000800014c      0x1a4 ./Core/Src/main.o
                0x000000000800014c                main
 .text.SystemClock_Config
                0x00000000080002f0       0x76 ./Core/Src/main.o
                0x00000000080002f0                SystemClock_Config
 *fill*         0x0000000008000366        0x2 
 .text.MX_GPIO_Init
                0x0000000008000368       0x44 ./Core/Src/main.o
 .text.Error_Handler
                0x00000000080003ac        0xa ./Core/Src/main.o
                0x00000000080003ac                Error_Handler
 *fill*         0x00000000080003b6        0x2 
 .text.HAL_MspInit
                0x00000000080003b8       0x64 ./Core/Src/stm32f1xx_hal_msp.o
                0x00000000080003b8                HAL_MspInit
 .text.NMI_Handler
                0x000000000800041c        0x6 ./Core/Src/stm32f1xx_it.o
                0x000000000800041c                NMI_Handler
 .text.HardFault_Handler
                0x0000000008000422        0x6 ./Core/Src/stm32f1xx_it.o
                0x0000000008000422                HardFault_Handler
 .text.MemManage_Handler
                0x0000000008000428        0x6 ./Core/Src/stm32f1xx_it.o
                0x0000000008000428                MemManage_Handler
 .text.BusFault_Handler
                0x000000000800042e        0x6 ./Core/Src/stm32f1xx_it.o
                0x000000000800042e                BusFault_Handler
 .text.UsageFault_Handler
                0x0000000008000434        0x6 ./Core/Src/stm32f1xx_it.o
                0x0000000008000434                UsageFault_Handler
 .text.SVC_Handler
                0x000000000800043a        0xc ./Core/Src/stm32f1xx_it.o
                0x000000000800043a                SVC_Handler
 .text.DebugMon_Handler
                0x0000000008000446        0xc ./Core/Src/stm32f1xx_it.o
                0x0000000008000446                DebugMon_Handler
 .text.PendSV_Handler
                0x0000000008000452        0xc ./Core/Src/stm32f1xx_it.o
                0x0000000008000452                PendSV_Handler
 .text.SysTick_Handler
                0x000000000800045e        0xc ./Core/Src/stm32f1xx_it.o
                0x000000000800045e                SysTick_Handler
 *fill*         0x000000000800046a        0x2 
 .text._sbrk    0x000000000800046c       0x6c ./Core/Src/sysmem.o
                0x000000000800046c                _sbrk
 .text.SystemInit
                0x00000000080004d8        0xc ./Core/Src/system_stm32f1xx.o
                0x00000000080004d8                SystemInit
 .text.Reset_Handler
                0x00000000080004e4       0x48 ./Core/Startup/startup_stm32f103c8tx.o
                0x00000000080004e4                Reset_Handler
 .text.Default_Handler
                0x000000000800052c        0x2 ./Core/Startup/startup_stm32f103c8tx.o
                0x000000000800052c                RTC_Alarm_IRQHandler
                0x000000000800052c                EXTI2_IRQHandler
                0x000000000800052c                TIM1_CC_IRQHandler
                0x000000000800052c                PVD_IRQHandler
                0x000000000800052c                EXTI3_IRQHandler
                0x000000000800052c                EXTI0_IRQHandler
                0x000000000800052c                I2C2_EV_IRQHandler
                0x000000000800052c                ADC1_2_IRQHandler
                0x000000000800052c                SPI1_IRQHandler
                0x000000000800052c                TAMPER_IRQHandler
                0x000000000800052c                DMA1_Channel4_IRQHandler
                0x000000000800052c                USART3_IRQHandler
                0x000000000800052c                RTC_IRQHandler
                0x000000000800052c                DMA1_Channel7_IRQHandler
                0x000000000800052c                CAN1_RX1_IRQHandler
                0x000000000800052c                TIM4_IRQHandler
                0x000000000800052c                I2C1_EV_IRQHandler
                0x000000000800052c                DMA1_Channel6_IRQHandler
                0x000000000800052c                TIM3_IRQHandler
                0x000000000800052c                RCC_IRQHandler
                0x000000000800052c                TIM1_TRG_COM_IRQHandler
                0x000000000800052c                DMA1_Channel1_IRQHandler
                0x000000000800052c                Default_Handler
                0x000000000800052c                EXTI15_10_IRQHandler
                0x000000000800052c                EXTI9_5_IRQHandler
                0x000000000800052c                SPI2_IRQHandler
                0x000000000800052c                DMA1_Channel5_IRQHandler
                0x000000000800052c                EXTI4_IRQHandler
                0x000000000800052c                USB_LP_CAN1_RX0_IRQHandler
                0x000000000800052c                USB_HP_CAN1_TX_IRQHandler
                0x000000000800052c                DMA1_Channel3_IRQHandler
                0x000000000800052c                TIM1_UP_IRQHandler
                0x000000000800052c                WWDG_IRQHandler
                0x000000000800052c                TIM2_IRQHandler
                0x000000000800052c                TIM1_BRK_IRQHandler
                0x000000000800052c                EXTI1_IRQHandler
                0x000000000800052c                USART2_IRQHandler
                0x000000000800052c                I2C2_ER_IRQHandler
                0x000000000800052c                DMA1_Channel2_IRQHandler
                0x000000000800052c                CAN1_SCE_IRQHandler
                0x000000000800052c                FLASH_IRQHandler
                0x000000000800052c                USART1_IRQHandler
                0x000000000800052c                I2C1_ER_IRQHandler
                0x000000000800052c                USBWakeUp_IRQHandler
 *fill*         0x000000000800052e        0x2 
 .text.DWT_Delay_Init
                0x0000000008000530       0x60 ./Drivers/ARM_Drivers/Delay_Micros/dwt_stm32_delay.o
                0x0000000008000530                DWT_Delay_Init
 .text.DWT_Delay_us
                0x0000000008000590       0x48 ./Drivers/Device_Drivers/HD44780_LCD.o
 .text.usDelay  0x00000000080005d8       0x1a ./Drivers/Device_Drivers/HD44780_LCD.o
 .text.Write_HalfByte
                0x00000000080005f2       0x4a ./Drivers/Device_Drivers/HD44780_LCD.o
 .text.RS_SET   0x000000000800063c       0x24 ./Drivers/Device_Drivers/HD44780_LCD.o
 .text.EN_SET   0x0000000008000660       0x24 ./Drivers/Device_Drivers/HD44780_LCD.o
 .text.Alcd_Init_GPIO
                0x0000000008000684       0x6e ./Drivers/Device_Drivers/HD44780_LCD.o
 .text.Alcd_SendByte
                0x00000000080006f2       0x72 ./Drivers/Device_Drivers/HD44780_LCD.o
 .text.Alcd_Init
                0x0000000008000764       0xfe ./Drivers/Device_Drivers/HD44780_LCD.o
                0x0000000008000764                Alcd_Init
 .text.Alcd_CursorAt
                0x0000000008000862       0x3a ./Drivers/Device_Drivers/HD44780_LCD.o
                0x0000000008000862                Alcd_CursorAt
 .text.Alcd_Put_n
                0x000000000800089c       0x3e ./Drivers/Device_Drivers/HD44780_LCD.o
                0x000000000800089c                Alcd_Put_n
 .text.Alcd_PutAt_n
                0x00000000080008da       0x32 ./Drivers/Device_Drivers/HD44780_LCD.o
                0x00000000080008da                Alcd_PutAt_n
 .text.Alcd_Clear
                0x000000000800090c       0x22 ./Drivers/Device_Drivers/HD44780_LCD.o
                0x000000000800090c                Alcd_Clear
 .text.Alcd_Display_Control
                0x000000000800092e       0x86 ./Drivers/Device_Drivers/HD44780_LCD.o
                0x000000000800092e                Alcd_Display_Control
 .text.HardwareInterface_initialize
                0x00000000080009b4       0xca ./Drivers/Device_Drivers/Matrix_Keypad.o
                0x00000000080009b4                HardwareInterface_initialize
 .text.Keypad_Matrix_init
                0x0000000008000a7e       0x1e ./Drivers/Device_Drivers/Matrix_Keypad.o
                0x0000000008000a7e                Keypad_Matrix_init
 .text.Keypad_Matrix_refresh
                0x0000000008000a9c       0x6a ./Drivers/Device_Drivers/Matrix_Keypad.o
                0x0000000008000a9c                Keypad_Matrix_refresh
 .text.Keypad_Matrix_ReadKey
                0x0000000008000b06       0x2e ./Drivers/Device_Drivers/Matrix_Keypad.o
                0x0000000008000b06                Keypad_Matrix_ReadKey
 .text.HardwareInterface_SetOutputs
                0x0000000008000b34       0x42 ./Drivers/Device_Drivers/Matrix_Keypad.o
 .text.Hardware_Generate_Delay
                0x0000000008000b76       0x1a ./Drivers/Device_Drivers/Matrix_Keypad.o
 .text.HardwareInterface_Get_Inputs
                0x0000000008000b90       0x30 ./Drivers/Device_Drivers/Matrix_Keypad.o
 .text.HAL_Init
                0x0000000008000bc0       0x2c ./Drivers/STM32F1xx_HAL_Driver/Src/stm32f1xx_hal.o
                0x0000000008000bc0                HAL_Init
 .text.HAL_InitTick
                0x0000000008000bec       0x60 ./Drivers/STM32F1xx_HAL_Driver/Src/stm32f1xx_hal.o
                0x0000000008000bec                HAL_InitTick
 .text.HAL_IncTick
                0x0000000008000c4c       0x24 ./Drivers/STM32F1xx_HAL_Driver/Src/stm32f1xx_hal.o
                0x0000000008000c4c                HAL_IncTick
 .text.HAL_GetTick
                0x0000000008000c70       0x14 ./Drivers/STM32F1xx_HAL_Driver/Src/stm32f1xx_hal.o
                0x0000000008000c70                HAL_GetTick
 .text.HAL_Delay
                0x0000000008000c84       0x48 ./Drivers/STM32F1xx_HAL_Driver/Src/stm32f1xx_hal.o
                0x0000000008000c84                HAL_Delay
 .text.__NVIC_SetPriorityGrouping
                0x0000000008000ccc       0x48 ./Drivers/STM32F1xx_HAL_Driver/Src/stm32f1xx_hal_cortex.o
 .text.__NVIC_GetPriorityGrouping
                0x0000000008000d14       0x1c ./Drivers/STM32F1xx_HAL_Driver/Src/stm32f1xx_hal_cortex.o
 .text.__NVIC_SetPriority
                0x0000000008000d30       0x54 ./Drivers/STM32F1xx_HAL_Driver/Src/stm32f1xx_hal_cortex.o
 .text.NVIC_EncodePriority
                0x0000000008000d84       0x64 ./Drivers/STM32F1xx_HAL_Driver/Src/stm32f1xx_hal_cortex.o
 .text.SysTick_Config
                0x0000000008000de8       0x44 ./Drivers/STM32F1xx_HAL_Driver/Src/stm32f1xx_hal_cortex.o
 .text.HAL_NVIC_SetPriorityGrouping
                0x0000000008000e2c       0x16 ./Drivers/STM32F1xx_HAL_Driver/Src/stm32f1xx_hal_cortex.o
                0x0000000008000e2c                HAL_NVIC_SetPriorityGrouping
 .text.HAL_NVIC_SetPriority
                0x0000000008000e42       0x38 ./Drivers/STM32F1xx_HAL_Driver/Src/stm32f1xx_hal_cortex.o
                0x0000000008000e42                HAL_NVIC_SetPriority
 .text.HAL_SYSTICK_Config
                0x0000000008000e7a       0x18 ./Drivers/STM32F1xx_HAL_Driver/Src/stm32f1xx_hal_cortex.o
                0x0000000008000e7a                HAL_SYSTICK_Config
 *fill*         0x0000000008000e92        0x2 
 .text.HAL_GPIO_Init
                0x0000000008000e94      0x308 ./Drivers/STM32F1xx_HAL_Driver/Src/stm32f1xx_hal_gpio.o
                0x0000000008000e94                HAL_GPIO_Init
 .text.HAL_GPIO_WritePin
                0x000000000800119c       0x30 ./Drivers/STM32F1xx_HAL_Driver/Src/stm32f1xx_hal_gpio.o
                0x000000000800119c                HAL_GPIO_WritePin
 .text.HAL_RCC_OscConfig
                0x00000000080011cc      0x504 ./Drivers/STM32F1xx_HAL_Driver/Src/stm32f1xx_hal_rcc.o
                0x00000000080011cc                HAL_RCC_OscConfig
 .text.HAL_RCC_ClockConfig
                0x00000000080016d0      0x1d4 ./Drivers/STM32F1xx_HAL_Driver/Src/stm32f1xx_hal_rcc.o
                0x00000000080016d0                HAL_RCC_ClockConfig
 .text.HAL_RCC_GetSysClockFreq
                0x00000000080018a4       0xa8 ./Drivers/STM32F1xx_HAL_Driver/Src/stm32f1xx_hal_rcc.o
                0x00000000080018a4                HAL_RCC_GetSysClockFreq
 .text.HAL_RCC_GetHCLKFreq
                0x000000000800194c       0x14 ./Drivers/STM32F1xx_HAL_Driver/Src/stm32f1xx_hal_rcc.o
                0x000000000800194c                HAL_RCC_GetHCLKFreq
 .text.RCC_Delay
                0x0000000008001960       0x3c ./Drivers/STM32F1xx_HAL_Driver/Src/stm32f1xx_hal_rcc.o
 .text.sprintf  0x000000000800199c       0x40 E:/STM32CubeIDE_1.13.1/STM32CubeIDE/plugins/com.st.stm32cube.ide.mcu.externaltools.gnu-tools-for-stm32.11.3.rel1.win32_1.1.0.202305231506/tools/bin/../lib/gcc/arm-none-eabi/11.3.1/../../../../arm-none-eabi/lib/thumb/v7-m/nofp\libc_nano.a(libc_a-sprintf.o)
                0x000000000800199c                siprintf
                0x000000000800199c                sprintf
 .text.memset   0x00000000080019dc       0x10 E:/STM32CubeIDE_1.13.1/STM32CubeIDE/plugins/com.st.stm32cube.ide.mcu.externaltools.gnu-tools-for-stm32.11.3.rel1.win32_1.1.0.202305231506/tools/bin/../lib/gcc/arm-none-eabi/11.3.1/../../../../arm-none-eabi/lib/thumb/v7-m/nofp\libc_nano.a(libc_a-memset.o)
                0x00000000080019dc                memset
 .text.__errno  0x00000000080019ec        0xc E:/STM32CubeIDE_1.13.1/STM32CubeIDE/plugins/com.st.stm32cube.ide.mcu.externaltools.gnu-tools-for-stm32.11.3.rel1.win32_1.1.0.202305231506/tools/bin/../lib/gcc/arm-none-eabi/11.3.1/../../../../arm-none-eabi/lib/thumb/v7-m/nofp\libc_nano.a(libc_a-errno.o)
                0x00000000080019ec                __errno
 .text.__libc_init_array
                0x00000000080019f8       0x48 E:/STM32CubeIDE_1.13.1/STM32CubeIDE/plugins/com.st.stm32cube.ide.mcu.externaltools.gnu-tools-for-stm32.11.3.rel1.win32_1.1.0.202305231506/tools/bin/../lib/gcc/arm-none-eabi/11.3.1/../../../../arm-none-eabi/lib/thumb/v7-m/nofp\libc_nano.a(libc_a-init.o)
                0x00000000080019f8                __libc_init_array
 .text.__retarget_lock_acquire_recursive
                0x0000000008001a40        0x2 E:/STM32CubeIDE_1.13.1/STM32CubeIDE/plugins/com.st.stm32cube.ide.mcu.externaltools.gnu-tools-for-stm32.11.3.rel1.win32_1.1.0.202305231506/tools/bin/../lib/gcc/arm-none-eabi/11.3.1/../../../../arm-none-eabi/lib/thumb/v7-m/nofp\libc_nano.a(libc_a-lock.o)
                0x0000000008001a40                __retarget_lock_acquire_recursive
 .text.__retarget_lock_release_recursive
                0x0000000008001a42        0x2 E:/STM32CubeIDE_1.13.1/STM32CubeIDE/plugins/com.st.stm32cube.ide.mcu.externaltools.gnu-tools-for-stm32.11.3.rel1.win32_1.1.0.202305231506/tools/bin/../lib/gcc/arm-none-eabi/11.3.1/../../../../arm-none-eabi/lib/thumb/v7-m/nofp\libc_nano.a(libc_a-lock.o)
                0x0000000008001a42                __retarget_lock_release_recursive
 .text._free_r  0x0000000008001a44       0x90 E:/STM32CubeIDE_1.13.1/STM32CubeIDE/plugins/com.st.stm32cube.ide.mcu.externaltools.gnu-tools-for-stm32.11.3.rel1.win32_1.1.0.202305231506/tools/bin/../lib/gcc/arm-none-eabi/11.3.1/../../../../arm-none-eabi/lib/thumb/v7-m/nofp\libc_nano.a(libc_a-freer.o)
                0x0000000008001a44                _free_r
 .text.sbrk_aligned
                0x0000000008001ad4       0x40 E:/STM32CubeIDE_1.13.1/STM32CubeIDE/plugins/com.st.stm32cube.ide.mcu.externaltools.gnu-tools-for-stm32.11.3.rel1.win32_1.1.0.202305231506/tools/bin/../lib/gcc/arm-none-eabi/11.3.1/../../../../arm-none-eabi/lib/thumb/v7-m/nofp\libc_nano.a(libc_a-mallocr.o)
 .text._malloc_r
                0x0000000008001b14      0x100 E:/STM32CubeIDE_1.13.1/STM32CubeIDE/plugins/com.st.stm32cube.ide.mcu.externaltools.gnu-tools-for-stm32.11.3.rel1.win32_1.1.0.202305231506/tools/bin/../lib/gcc/arm-none-eabi/11.3.1/../../../../arm-none-eabi/lib/thumb/v7-m/nofp\libc_nano.a(libc_a-mallocr.o)
                0x0000000008001b14                _malloc_r
 .text.__malloc_lock
                0x0000000008001c14        0xc E:/STM32CubeIDE_1.13.1/STM32CubeIDE/plugins/com.st.stm32cube.ide.mcu.externaltools.gnu-tools-for-stm32.11.3.rel1.win32_1.1.0.202305231506/tools/bin/../lib/gcc/arm-none-eabi/11.3.1/../../../../arm-none-eabi/lib/thumb/v7-m/nofp\libc_nano.a(libc_a-mlock.o)
                0x0000000008001c14                __malloc_lock
 .text.__malloc_unlock
                0x0000000008001c20        0xc E:/STM32CubeIDE_1.13.1/STM32CubeIDE/plugins/com.st.stm32cube.ide.mcu.externaltools.gnu-tools-for-stm32.11.3.rel1.win32_1.1.0.202305231506/tools/bin/../lib/gcc/arm-none-eabi/11.3.1/../../../../arm-none-eabi/lib/thumb/v7-m/nofp\libc_nano.a(libc_a-mlock.o)
                0x0000000008001c20                __malloc_unlock
 .text.__ssputs_r
                0x0000000008001c2c       0xb4 E:/STM32CubeIDE_1.13.1/STM32CubeIDE/plugins/com.st.stm32cube.ide.mcu.externaltools.gnu-tools-for-stm32.11.3.rel1.win32_1.1.0.202305231506/tools/bin/../lib/gcc/arm-none-eabi/11.3.1/../../../../arm-none-eabi/lib/thumb/v7-m/nofp\libc_nano.a(libc_a-nano-svfprintf.o)
                0x0000000008001c2c                __ssputs_r
 .text._svfprintf_r
                0x0000000008001ce0      0x1fc E:/STM32CubeIDE_1.13.1/STM32CubeIDE/plugins/com.st.stm32cube.ide.mcu.externaltools.gnu-tools-for-stm32.11.3.rel1.win32_1.1.0.202305231506/tools/bin/../lib/gcc/arm-none-eabi/11.3.1/../../../../arm-none-eabi/lib/thumb/v7-m/nofp\libc_nano.a(libc_a-nano-svfprintf.o)
                0x0000000008001ce0                _svfiprintf_r
                0x0000000008001ce0                _svfprintf_r
 .text._printf_common
                0x0000000008001edc       0xe4 E:/STM32CubeIDE_1.13.1/STM32CubeIDE/plugins/com.st.stm32cube.ide.mcu.externaltools.gnu-tools-for-stm32.11.3.rel1.win32_1.1.0.202305231506/tools/bin/../lib/gcc/arm-none-eabi/11.3.1/../../../../arm-none-eabi/lib/thumb/v7-m/nofp\libc_nano.a(libc_a-nano-vfprintf_i.o)
                0x0000000008001edc                _printf_common
 .text._printf_i
                0x0000000008001fc0      0x244 E:/STM32CubeIDE_1.13.1/STM32CubeIDE/plugins/com.st.stm32cube.ide.mcu.externaltools.gnu-tools-for-stm32.11.3.rel1.win32_1.1.0.202305231506/tools/bin/../lib/gcc/arm-none-eabi/11.3.1/../../../../arm-none-eabi/lib/thumb/v7-m/nofp\libc_nano.a(libc_a-nano-vfprintf_i.o)
                0x0000000008001fc0                _printf_i
 .text.memmove  0x0000000008002204       0x34 E:/STM32CubeIDE_1.13.1/STM32CubeIDE/plugins/com.st.stm32cube.ide.mcu.externaltools.gnu-tools-for-stm32.11.3.rel1.win32_1.1.0.202305231506/tools/bin/../lib/gcc/arm-none-eabi/11.3.1/../../../../arm-none-eabi/lib/thumb/v7-m/nofp\libc_nano.a(libc_a-memmove.o)
                0x0000000008002204                memmove
 .text._sbrk_r  0x0000000008002238       0x20 E:/STM32CubeIDE_1.13.1/STM32CubeIDE/plugins/com.st.stm32cube.ide.mcu.externaltools.gnu-tools-for-stm32.11.3.rel1.win32_1.1.0.202305231506/tools/bin/../lib/gcc/arm-none-eabi/11.3.1/../../../../arm-none-eabi/lib/thumb/v7-m/nofp\libc_nano.a(libc_a-sbrkr.o)
                0x0000000008002238                _sbrk_r
 .text.memchr   0x0000000008002258       0x1c E:/STM32CubeIDE_1.13.1/STM32CubeIDE/plugins/com.st.stm32cube.ide.mcu.externaltools.gnu-tools-for-stm32.11.3.rel1.win32_1.1.0.202305231506/tools/bin/../lib/gcc/arm-none-eabi/11.3.1/../../../../arm-none-eabi/lib/thumb/v7-m/nofp\libc_nano.a(libc_a-memchr-stub.o)
                0x0000000008002258                memchr
 .text.memcpy   0x0000000008002274       0x1c E:/STM32CubeIDE_1.13.1/STM32CubeIDE/plugins/com.st.stm32cube.ide.mcu.externaltools.gnu-tools-for-stm32.11.3.rel1.win32_1.1.0.202305231506/tools/bin/../lib/gcc/arm-none-eabi/11.3.1/../../../../arm-none-eabi/lib/thumb/v7-m/nofp\libc_nano.a(libc_a-memcpy-stub.o)
                0x0000000008002274                memcpy
 .text._realloc_r
                0x0000000008002290       0x5e E:/STM32CubeIDE_1.13.1/STM32CubeIDE/plugins/com.st.stm32cube.ide.mcu.externaltools.gnu-tools-for-stm32.11.3.rel1.win32_1.1.0.202305231506/tools/bin/../lib/gcc/arm-none-eabi/11.3.1/../../../../arm-none-eabi/lib/thumb/v7-m/nofp\libc_nano.a(libc_a-reallocr.o)
                0x0000000008002290                _realloc_r
 .text._malloc_usable_size_r
                0x00000000080022ee       0x10 E:/STM32CubeIDE_1.13.1/STM32CubeIDE/plugins/com.st.stm32cube.ide.mcu.externaltools.gnu-tools-for-stm32.11.3.rel1.win32_1.1.0.202305231506/tools/bin/../lib/gcc/arm-none-eabi/11.3.1/../../../../arm-none-eabi/lib/thumb/v7-m/nofp\libc_nano.a(libc_a-msizer.o)
                0x00000000080022ee                _malloc_usable_size_r
 *(.glue_7)
 .glue_7        0x00000000080022fe        0x0 linker stubs
 *(.glue_7t)
 .glue_7t       0x00000000080022fe        0x0 linker stubs
 *(.eh_frame)
 *fill*         0x00000000080022fe        0x2 
 .eh_frame      0x0000000008002300        0x0 E:/STM32CubeIDE_1.13.1/STM32CubeIDE/plugins/com.st.stm32cube.ide.mcu.externaltools.gnu-tools-for-stm32.11.3.rel1.win32_1.1.0.202305231506/tools/bin/../lib/gcc/arm-none-eabi/11.3.1/thumb/v7-m/nofp/crtbegin.o
 *(.init)
 .init          0x0000000008002300        0x4 E:/STM32CubeIDE_1.13.1/STM32CubeIDE/plugins/com.st.stm32cube.ide.mcu.externaltools.gnu-tools-for-stm32.11.3.rel1.win32_1.1.0.202305231506/tools/bin/../lib/gcc/arm-none-eabi/11.3.1/thumb/v7-m/nofp/crti.o
                0x0000000008002300                _init
 .init          0x0000000008002304        0x8 E:/STM32CubeIDE_1.13.1/STM32CubeIDE/plugins/com.st.stm32cube.ide.mcu.externaltools.gnu-tools-for-stm32.11.3.rel1.win32_1.1.0.202305231506/tools/bin/../lib/gcc/arm-none-eabi/11.3.1/thumb/v7-m/nofp/crtn.o
 *(.fini)
 .fini          0x000000000800230c        0x4 E:/STM32CubeIDE_1.13.1/STM32CubeIDE/plugins/com.st.stm32cube.ide.mcu.externaltools.gnu-tools-for-stm32.11.3.rel1.win32_1.1.0.202305231506/tools/bin/../lib/gcc/arm-none-eabi/11.3.1/thumb/v7-m/nofp/crti.o
                0x000000000800230c                _fini
 .fini          0x0000000008002310        0x8 E:/STM32CubeIDE_1.13.1/STM32CubeIDE/plugins/com.st.stm32cube.ide.mcu.externaltools.gnu-tools-for-stm32.11.3.rel1.win32_1.1.0.202305231506/tools/bin/../lib/gcc/arm-none-eabi/11.3.1/thumb/v7-m/nofp/crtn.o
                0x0000000008002318                . = ALIGN (0x4)
                0x0000000008002318                _etext = .

.vfp11_veneer   0x0000000008002318        0x0
 .vfp11_veneer  0x0000000008002318        0x0 linker stubs

.v4_bx          0x0000000008002318        0x0
 .v4_bx         0x0000000008002318        0x0 linker stubs

.iplt           0x0000000008002318        0x0
 .iplt          0x0000000008002318        0x0 E:/STM32CubeIDE_1.13.1/STM32CubeIDE/plugins/com.st.stm32cube.ide.mcu.externaltools.gnu-tools-for-stm32.11.3.rel1.win32_1.1.0.202305231506/tools/bin/../lib/gcc/arm-none-eabi/11.3.1/thumb/v7-m/nofp/crtbegin.o

.rodata         0x0000000008002318       0x78
                0x0000000008002318                . = ALIGN (0x4)
 *(.rodata)
 .rodata        0x0000000008002318       0x1e ./Core/Src/main.o
 *(.rodata*)
 *fill*         0x0000000008002336        0x2 
 .rodata.AHBPrescTable
                0x0000000008002338       0x10 ./Core/Src/system_stm32f1xx.o
                0x0000000008002338                AHBPrescTable
 .rodata.aPLLMULFactorTable.1
                0x0000000008002348       0x10 ./Drivers/STM32F1xx_HAL_Driver/Src/stm32f1xx_hal_rcc.o
 .rodata.aPredivFactorTable.0
                0x0000000008002358        0x2 ./Drivers/STM32F1xx_HAL_Driver/Src/stm32f1xx_hal_rcc.o
 .rodata._svfprintf_r.str1.1
                0x000000000800235a       0x11 E:/STM32CubeIDE_1.13.1/STM32CubeIDE/plugins/com.st.stm32cube.ide.mcu.externaltools.gnu-tools-for-stm32.11.3.rel1.win32_1.1.0.202305231506/tools/bin/../lib/gcc/arm-none-eabi/11.3.1/../../../../arm-none-eabi/lib/thumb/v7-m/nofp\libc_nano.a(libc_a-nano-svfprintf.o)
 .rodata._printf_i.str1.1
                0x000000000800236b       0x22 E:/STM32CubeIDE_1.13.1/STM32CubeIDE/plugins/com.st.stm32cube.ide.mcu.externaltools.gnu-tools-for-stm32.11.3.rel1.win32_1.1.0.202305231506/tools/bin/../lib/gcc/arm-none-eabi/11.3.1/../../../../arm-none-eabi/lib/thumb/v7-m/nofp\libc_nano.a(libc_a-nano-vfprintf_i.o)
                0x0000000008002390                . = ALIGN (0x4)
 *fill*         0x000000000800238d        0x3 

.rel.dyn        0x0000000008002390        0x0
 .rel.iplt      0x0000000008002390        0x0 E:/STM32CubeIDE_1.13.1/STM32CubeIDE/plugins/com.st.stm32cube.ide.mcu.externaltools.gnu-tools-for-stm32.11.3.rel1.win32_1.1.0.202305231506/tools/bin/../lib/gcc/arm-none-eabi/11.3.1/thumb/v7-m/nofp/crtbegin.o

.ARM.extab      0x0000000008002390        0x0
                0x0000000008002390                . = ALIGN (0x4)
 *(.ARM.extab* .gnu.linkonce.armextab.*)
                0x0000000008002390                . = ALIGN (0x4)

.ARM            0x0000000008002390        0x0
                0x0000000008002390                . = ALIGN (0x4)
                0x0000000008002390                __exidx_start = .
 *(.ARM.exidx*)
                0x0000000008002390                __exidx_end = .
                0x0000000008002390                . = ALIGN (0x4)

.preinit_array  0x0000000008002390        0x0
                0x0000000008002390                . = ALIGN (0x4)
                0x0000000008002390                PROVIDE (__preinit_array_start = .)
 *(.preinit_array*)
                0x0000000008002390                PROVIDE (__preinit_array_end = .)
                0x0000000008002390                . = ALIGN (0x4)

.init_array     0x0000000008002390        0x4
                0x0000000008002390                . = ALIGN (0x4)
                0x0000000008002390                PROVIDE (__init_array_start = .)
 *(SORT_BY_NAME(.init_array.*))
 *(.init_array*)
 .init_array    0x0000000008002390        0x4 E:/STM32CubeIDE_1.13.1/STM32CubeIDE/plugins/com.st.stm32cube.ide.mcu.externaltools.gnu-tools-for-stm32.11.3.rel1.win32_1.1.0.202305231506/tools/bin/../lib/gcc/arm-none-eabi/11.3.1/thumb/v7-m/nofp/crtbegin.o
                0x0000000008002394                PROVIDE (__init_array_end = .)
                0x0000000008002394                . = ALIGN (0x4)

.fini_array     0x0000000008002394        0x4
                0x0000000008002394                . = ALIGN (0x4)
                [!provide]                        PROVIDE (__fini_array_start = .)
 *(SORT_BY_NAME(.fini_array.*))
 *(.fini_array*)
 .fini_array    0x0000000008002394        0x4 E:/STM32CubeIDE_1.13.1/STM32CubeIDE/plugins/com.st.stm32cube.ide.mcu.externaltools.gnu-tools-for-stm32.11.3.rel1.win32_1.1.0.202305231506/tools/bin/../lib/gcc/arm-none-eabi/11.3.1/thumb/v7-m/nofp/crtbegin.o
                [!provide]                        PROVIDE (__fini_array_end = .)
                0x0000000008002398                . = ALIGN (0x4)
                0x0000000008002398                _sidata = LOADADDR (.data)

.data           0x0000000020000000       0x9c load address 0x0000000008002398
                0x0000000020000000                . = ALIGN (0x4)
                0x0000000020000000                _sdata = .
 *(.data)
 *(.data*)
 .data.lcd1     0x0000000020000000       0x20 ./Core/Src/main.o
                0x0000000020000000                lcd1
 .data.kp       0x0000000020000020       0x20 ./Core/Src/main.o
                0x0000000020000020                kp
 .data.SystemCoreClock
                0x0000000020000040        0x4 ./Core/Src/system_stm32f1xx.o
                0x0000000020000040                SystemCoreClock
 .data.uwTickPrio
                0x0000000020000044        0x4 ./Drivers/STM32F1xx_HAL_Driver/Src/stm32f1xx_hal.o
                0x0000000020000044                uwTickPrio
 .data.uwTickFreq
                0x0000000020000048        0x1 ./Drivers/STM32F1xx_HAL_Driver/Src/stm32f1xx_hal.o
                0x0000000020000048                uwTickFreq
 *fill*         0x0000000020000049        0x3 
 .data._impure_data
                0x000000002000004c       0x4c E:/STM32CubeIDE_1.13.1/STM32CubeIDE/plugins/com.st.stm32cube.ide.mcu.externaltools.gnu-tools-for-stm32.11.3.rel1.win32_1.1.0.202305231506/tools/bin/../lib/gcc/arm-none-eabi/11.3.1/../../../../arm-none-eabi/lib/thumb/v7-m/nofp\libc_nano.a(libc_a-impure.o)
                0x000000002000004c                _impure_data
 .data._impure_ptr
                0x0000000020000098        0x4 E:/STM32CubeIDE_1.13.1/STM32CubeIDE/plugins/com.st.stm32cube.ide.mcu.externaltools.gnu-tools-for-stm32.11.3.rel1.win32_1.1.0.202305231506/tools/bin/../lib/gcc/arm-none-eabi/11.3.1/../../../../arm-none-eabi/lib/thumb/v7-m/nofp\libc_nano.a(libc_a-impure.o)
                0x0000000020000098                _impure_ptr
 *(.RamFunc)
 *(.RamFunc*)
                0x000000002000009c                . = ALIGN (0x4)
                0x000000002000009c                _edata = .

.igot.plt       0x000000002000009c        0x0 load address 0x0000000008002434
 .igot.plt      0x000000002000009c        0x0 E:/STM32CubeIDE_1.13.1/STM32CubeIDE/plugins/com.st.stm32cube.ide.mcu.externaltools.gnu-tools-for-stm32.11.3.rel1.win32_1.1.0.202305231506/tools/bin/../lib/gcc/arm-none-eabi/11.3.1/thumb/v7-m/nofp/crtbegin.o
                0x000000002000009c                . = ALIGN (0x4)

.bss            0x000000002000009c      0x17c load address 0x0000000008002434
                0x000000002000009c                _sbss = .
                0x000000002000009c                __bss_start__ = _sbss
 *(.bss)
 .bss           0x000000002000009c       0x1c E:/STM32CubeIDE_1.13.1/STM32CubeIDE/plugins/com.st.stm32cube.ide.mcu.externaltools.gnu-tools-for-stm32.11.3.rel1.win32_1.1.0.202305231506/tools/bin/../lib/gcc/arm-none-eabi/11.3.1/thumb/v7-m/nofp/crtbegin.o
 *(.bss*)
 .bss.stringaya
                0x00000000200000b8       0x10 ./Core/Src/main.o
                0x00000000200000b8                stringaya
 .bss.__sbrk_heap_end
                0x00000000200000c8        0x4 ./Core/Src/sysmem.o
 .bss.uwTick    0x00000000200000cc        0x4 ./Drivers/STM32F1xx_HAL_Driver/Src/stm32f1xx_hal.o
                0x00000000200000cc                uwTick
 .bss.__sf      0x00000000200000d0      0x138 E:/STM32CubeIDE_1.13.1/STM32CubeIDE/plugins/com.st.stm32cube.ide.mcu.externaltools.gnu-tools-for-stm32.11.3.rel1.win32_1.1.0.202305231506/tools/bin/../lib/gcc/arm-none-eabi/11.3.1/../../../../arm-none-eabi/lib/thumb/v7-m/nofp\libc_nano.a(libc_a-findfp.o)
                0x00000000200000d0                __sf
 .bss.errno     0x0000000020000208        0x4 E:/STM32CubeIDE_1.13.1/STM32CubeIDE/plugins/com.st.stm32cube.ide.mcu.externaltools.gnu-tools-for-stm32.11.3.rel1.win32_1.1.0.202305231506/tools/bin/../lib/gcc/arm-none-eabi/11.3.1/../../../../arm-none-eabi/lib/thumb/v7-m/nofp\libc_nano.a(libc_a-reent.o)
                0x0000000020000208                errno
 .bss.__lock___malloc_recursive_mutex
                0x000000002000020c        0x1 E:/STM32CubeIDE_1.13.1/STM32CubeIDE/plugins/com.st.stm32cube.ide.mcu.externaltools.gnu-tools-for-stm32.11.3.rel1.win32_1.1.0.202305231506/tools/bin/../lib/gcc/arm-none-eabi/11.3.1/../../../../arm-none-eabi/lib/thumb/v7-m/nofp\libc_nano.a(libc_a-lock.o)
                0x000000002000020c                __lock___malloc_recursive_mutex
 *fill*         0x000000002000020d        0x3 
 .bss.__malloc_free_list
                0x0000000020000210        0x4 E:/STM32CubeIDE_1.13.1/STM32CubeIDE/plugins/com.st.stm32cube.ide.mcu.externaltools.gnu-tools-for-stm32.11.3.rel1.win32_1.1.0.202305231506/tools/bin/../lib/gcc/arm-none-eabi/11.3.1/../../../../arm-none-eabi/lib/thumb/v7-m/nofp\libc_nano.a(libc_a-mallocr.o)
                0x0000000020000210                __malloc_free_list
 .bss.__malloc_sbrk_start
                0x0000000020000214        0x4 E:/STM32CubeIDE_1.13.1/STM32CubeIDE/plugins/com.st.stm32cube.ide.mcu.externaltools.gnu-tools-for-stm32.11.3.rel1.win32_1.1.0.202305231506/tools/bin/../lib/gcc/arm-none-eabi/11.3.1/../../../../arm-none-eabi/lib/thumb/v7-m/nofp\libc_nano.a(libc_a-mallocr.o)
                0x0000000020000214                __malloc_sbrk_start
 *(COMMON)
                0x0000000020000218                . = ALIGN (0x4)
                0x0000000020000218                _ebss = .
                0x0000000020000218                __bss_end__ = _ebss

._user_heap_stack
                0x0000000020000218      0x600 load address 0x0000000008002434
                0x0000000020000218                . = ALIGN (0x8)
                [!provide]                        PROVIDE (end = .)
                0x0000000020000218                PROVIDE (_end = .)
                0x0000000020000418                . = (. + _Min_Heap_Size)
 *fill*         0x0000000020000218      0x200 
                0x0000000020000818                . = (. + _Min_Stack_Size)
 *fill*         0x0000000020000418      0x400 
                0x0000000020000818                . = ALIGN (0x8)

/DISCARD/
 libc.a(*)
 libm.a(*)
 libgcc.a(*)

.ARM.attributes
                0x0000000000000000       0x29
 *(.ARM.attributes)
 .ARM.attributes
                0x0000000000000000       0x1d E:/STM32CubeIDE_1.13.1/STM32CubeIDE/plugins/com.st.stm32cube.ide.mcu.externaltools.gnu-tools-for-stm32.11.3.rel1.win32_1.1.0.202305231506/tools/bin/../lib/gcc/arm-none-eabi/11.3.1/thumb/v7-m/nofp/crti.o
 .ARM.attributes
                0x000000000000001d       0x2d E:/STM32CubeIDE_1.13.1/STM32CubeIDE/plugins/com.st.stm32cube.ide.mcu.externaltools.gnu-tools-for-stm32.11.3.rel1.win32_1.1.0.202305231506/tools/bin/../lib/gcc/arm-none-eabi/11.3.1/thumb/v7-m/nofp/crtbegin.o
 .ARM.attributes
                0x000000000000004a       0x2d ./Core/Src/main.o
 .ARM.attributes
                0x0000000000000077       0x2d ./Core/Src/stm32f1xx_hal_msp.o
 .ARM.attributes
                0x00000000000000a4       0x2d ./Core/Src/stm32f1xx_it.o
 .ARM.attributes
                0x00000000000000d1       0x2d ./Core/Src/sysmem.o
 .ARM.attributes
                0x00000000000000fe       0x2d ./Core/Src/system_stm32f1xx.o
 .ARM.attributes
                0x000000000000012b       0x21 ./Core/Startup/startup_stm32f103c8tx.o
 .ARM.attributes
                0x000000000000014c       0x2d ./Drivers/ARM_Drivers/Delay_Micros/dwt_stm32_delay.o
 .ARM.attributes
                0x0000000000000179       0x2d ./Drivers/Device_Drivers/HD44780_LCD.o
 .ARM.attributes
                0x00000000000001a6       0x2d ./Drivers/Device_Drivers/Matrix_Keypad.o
 .ARM.attributes
                0x00000000000001d3       0x2d ./Drivers/STM32F1xx_HAL_Driver/Src/stm32f1xx_hal.o
 .ARM.attributes
                0x0000000000000200       0x2d ./Drivers/STM32F1xx_HAL_Driver/Src/stm32f1xx_hal_cortex.o
 .ARM.attributes
                0x000000000000022d       0x2d ./Drivers/STM32F1xx_HAL_Driver/Src/stm32f1xx_hal_gpio.o
 .ARM.attributes
                0x000000000000025a       0x2d ./Drivers/STM32F1xx_HAL_Driver/Src/stm32f1xx_hal_rcc.o
 .ARM.attributes
                0x0000000000000287       0x2d E:/STM32CubeIDE_1.13.1/STM32CubeIDE/plugins/com.st.stm32cube.ide.mcu.externaltools.gnu-tools-for-stm32.11.3.rel1.win32_1.1.0.202305231506/tools/bin/../lib/gcc/arm-none-eabi/11.3.1/../../../../arm-none-eabi/lib/thumb/v7-m/nofp\libc_nano.a(libc_a-findfp.o)
 .ARM.attributes
                0x00000000000002b4       0x2d E:/STM32CubeIDE_1.13.1/STM32CubeIDE/plugins/com.st.stm32cube.ide.mcu.externaltools.gnu-tools-for-stm32.11.3.rel1.win32_1.1.0.202305231506/tools/bin/../lib/gcc/arm-none-eabi/11.3.1/../../../../arm-none-eabi/lib/thumb/v7-m/nofp\libc_nano.a(libc_a-sprintf.o)
 .ARM.attributes
                0x00000000000002e1       0x2d E:/STM32CubeIDE_1.13.1/STM32CubeIDE/plugins/com.st.stm32cube.ide.mcu.externaltools.gnu-tools-for-stm32.11.3.rel1.win32_1.1.0.202305231506/tools/bin/../lib/gcc/arm-none-eabi/11.3.1/../../../../arm-none-eabi/lib/thumb/v7-m/nofp\libc_nano.a(libc_a-memset.o)
 .ARM.attributes
                0x000000000000030e       0x2d E:/STM32CubeIDE_1.13.1/STM32CubeIDE/plugins/com.st.stm32cube.ide.mcu.externaltools.gnu-tools-for-stm32.11.3.rel1.win32_1.1.0.202305231506/tools/bin/../lib/gcc/arm-none-eabi/11.3.1/../../../../arm-none-eabi/lib/thumb/v7-m/nofp\libc_nano.a(libc_a-reent.o)
 .ARM.attributes
                0x000000000000033b       0x2d E:/STM32CubeIDE_1.13.1/STM32CubeIDE/plugins/com.st.stm32cube.ide.mcu.externaltools.gnu-tools-for-stm32.11.3.rel1.win32_1.1.0.202305231506/tools/bin/../lib/gcc/arm-none-eabi/11.3.1/../../../../arm-none-eabi/lib/thumb/v7-m/nofp\libc_nano.a(libc_a-impure.o)
 .ARM.attributes
                0x0000000000000368       0x2d E:/STM32CubeIDE_1.13.1/STM32CubeIDE/plugins/com.st.stm32cube.ide.mcu.externaltools.gnu-tools-for-stm32.11.3.rel1.win32_1.1.0.202305231506/tools/bin/../lib/gcc/arm-none-eabi/11.3.1/../../../../arm-none-eabi/lib/thumb/v7-m/nofp\libc_nano.a(libc_a-errno.o)
 .ARM.attributes
                0x0000000000000395       0x2d E:/STM32CubeIDE_1.13.1/STM32CubeIDE/plugins/com.st.stm32cube.ide.mcu.externaltools.gnu-tools-for-stm32.11.3.rel1.win32_1.1.0.202305231506/tools/bin/../lib/gcc/arm-none-eabi/11.3.1/../../../../arm-none-eabi/lib/thumb/v7-m/nofp\libc_nano.a(libc_a-init.o)
 .ARM.attributes
                0x00000000000003c2       0x2d E:/STM32CubeIDE_1.13.1/STM32CubeIDE/plugins/com.st.stm32cube.ide.mcu.externaltools.gnu-tools-for-stm32.11.3.rel1.win32_1.1.0.202305231506/tools/bin/../lib/gcc/arm-none-eabi/11.3.1/../../../../arm-none-eabi/lib/thumb/v7-m/nofp\libc_nano.a(libc_a-lock.o)
 .ARM.attributes
                0x00000000000003ef       0x2d E:/STM32CubeIDE_1.13.1/STM32CubeIDE/plugins/com.st.stm32cube.ide.mcu.externaltools.gnu-tools-for-stm32.11.3.rel1.win32_1.1.0.202305231506/tools/bin/../lib/gcc/arm-none-eabi/11.3.1/../../../../arm-none-eabi/lib/thumb/v7-m/nofp\libc_nano.a(libc_a-freer.o)
 .ARM.attributes
                0x000000000000041c       0x2d E:/STM32CubeIDE_1.13.1/STM32CubeIDE/plugins/com.st.stm32cube.ide.mcu.externaltools.gnu-tools-for-stm32.11.3.rel1.win32_1.1.0.202305231506/tools/bin/../lib/gcc/arm-none-eabi/11.3.1/../../../../arm-none-eabi/lib/thumb/v7-m/nofp\libc_nano.a(libc_a-mallocr.o)
 .ARM.attributes
                0x0000000000000449       0x2d E:/STM32CubeIDE_1.13.1/STM32CubeIDE/plugins/com.st.stm32cube.ide.mcu.externaltools.gnu-tools-for-stm32.11.3.rel1.win32_1.1.0.202305231506/tools/bin/../lib/gcc/arm-none-eabi/11.3.1/../../../../arm-none-eabi/lib/thumb/v7-m/nofp\libc_nano.a(libc_a-mlock.o)
 .ARM.attributes
                0x0000000000000476       0x2d E:/STM32CubeIDE_1.13.1/STM32CubeIDE/plugins/com.st.stm32cube.ide.mcu.externaltools.gnu-tools-for-stm32.11.3.rel1.win32_1.1.0.202305231506/tools/bin/../lib/gcc/arm-none-eabi/11.3.1/../../../../arm-none-eabi/lib/thumb/v7-m/nofp\libc_nano.a(libc_a-nano-svfprintf.o)
 .ARM.attributes
                0x00000000000004a3       0x2d E:/STM32CubeIDE_1.13.1/STM32CubeIDE/plugins/com.st.stm32cube.ide.mcu.externaltools.gnu-tools-for-stm32.11.3.rel1.win32_1.1.0.202305231506/tools/bin/../lib/gcc/arm-none-eabi/11.3.1/../../../../arm-none-eabi/lib/thumb/v7-m/nofp\libc_nano.a(libc_a-nano-vfprintf_i.o)
 .ARM.attributes
                0x00000000000004d0       0x2d E:/STM32CubeIDE_1.13.1/STM32CubeIDE/plugins/com.st.stm32cube.ide.mcu.externaltools.gnu-tools-for-stm32.11.3.rel1.win32_1.1.0.202305231506/tools/bin/../lib/gcc/arm-none-eabi/11.3.1/../../../../arm-none-eabi/lib/thumb/v7-m/nofp\libc_nano.a(libc_a-memmove.o)
 .ARM.attributes
                0x00000000000004fd       0x2d E:/STM32CubeIDE_1.13.1/STM32CubeIDE/plugins/com.st.stm32cube.ide.mcu.externaltools.gnu-tools-for-stm32.11.3.rel1.win32_1.1.0.202305231506/tools/bin/../lib/gcc/arm-none-eabi/11.3.1/../../../../arm-none-eabi/lib/thumb/v7-m/nofp\libc_nano.a(libc_a-sbrkr.o)
 .ARM.attributes
                0x000000000000052a       0x2d E:/STM32CubeIDE_1.13.1/STM32CubeIDE/plugins/com.st.stm32cube.ide.mcu.externaltools.gnu-tools-for-stm32.11.3.rel1.win32_1.1.0.202305231506/tools/bin/../lib/gcc/arm-none-eabi/11.3.1/../../../../arm-none-eabi/lib/thumb/v7-m/nofp\libc_nano.a(libc_a-memchr-stub.o)
 .ARM.attributes
                0x0000000000000557       0x2d E:/STM32CubeIDE_1.13.1/STM32CubeIDE/plugins/com.st.stm32cube.ide.mcu.externaltools.gnu-tools-for-stm32.11.3.rel1.win32_1.1.0.202305231506/tools/bin/../lib/gcc/arm-none-eabi/11.3.1/../../../../arm-none-eabi/lib/thumb/v7-m/nofp\libc_nano.a(libc_a-memcpy-stub.o)
 .ARM.attributes
                0x0000000000000584       0x2d E:/STM32CubeIDE_1.13.1/STM32CubeIDE/plugins/com.st.stm32cube.ide.mcu.externaltools.gnu-tools-for-stm32.11.3.rel1.win32_1.1.0.202305231506/tools/bin/../lib/gcc/arm-none-eabi/11.3.1/../../../../arm-none-eabi/lib/thumb/v7-m/nofp\libc_nano.a(libc_a-reallocr.o)
 .ARM.attributes
                0x00000000000005b1       0x2d E:/STM32CubeIDE_1.13.1/STM32CubeIDE/plugins/com.st.stm32cube.ide.mcu.externaltools.gnu-tools-for-stm32.11.3.rel1.win32_1.1.0.202305231506/tools/bin/../lib/gcc/arm-none-eabi/11.3.1/../../../../arm-none-eabi/lib/thumb/v7-m/nofp\libc_nano.a(libc_a-msizer.o)
 .ARM.attributes
                0x00000000000005de       0x1d E:/STM32CubeIDE_1.13.1/STM32CubeIDE/plugins/com.st.stm32cube.ide.mcu.externaltools.gnu-tools-for-stm32.11.3.rel1.win32_1.1.0.202305231506/tools/bin/../lib/gcc/arm-none-eabi/11.3.1/thumb/v7-m/nofp/crtn.o
OUTPUT(LCD_Driver.elf elf32-littlearm)
LOAD linker stubs
LOAD E:/STM32CubeIDE_1.13.1/STM32CubeIDE/plugins/com.st.stm32cube.ide.mcu.externaltools.gnu-tools-for-stm32.11.3.rel1.win32_1.1.0.202305231506/tools/bin/../lib/gcc/arm-none-eabi/11.3.1/../../../../arm-none-eabi/lib/thumb/v7-m/nofp\libc.a
LOAD E:/STM32CubeIDE_1.13.1/STM32CubeIDE/plugins/com.st.stm32cube.ide.mcu.externaltools.gnu-tools-for-stm32.11.3.rel1.win32_1.1.0.202305231506/tools/bin/../lib/gcc/arm-none-eabi/11.3.1/../../../../arm-none-eabi/lib/thumb/v7-m/nofp\libm.a
LOAD E:/STM32CubeIDE_1.13.1/STM32CubeIDE/plugins/com.st.stm32cube.ide.mcu.externaltools.gnu-tools-for-stm32.11.3.rel1.win32_1.1.0.202305231506/tools/bin/../lib/gcc/arm-none-eabi/11.3.1/thumb/v7-m/nofp\libgcc.a

.comment        0x0000000000000000       0x43
 .comment       0x0000000000000000       0x43 E:/STM32CubeIDE_1.13.1/STM32CubeIDE/plugins/com.st.stm32cube.ide.mcu.externaltools.gnu-tools-for-stm32.11.3.rel1.win32_1.1.0.202305231506/tools/bin/../lib/gcc/arm-none-eabi/11.3.1/thumb/v7-m/nofp/crtbegin.o
                                         0x44 (size before relaxing)
 .comment       0x0000000000000043       0x44 ./Core/Src/main.o
 .comment       0x0000000000000043       0x44 ./Core/Src/stm32f1xx_hal_msp.o
 .comment       0x0000000000000043       0x44 ./Core/Src/stm32f1xx_it.o
 .comment       0x0000000000000043       0x44 ./Core/Src/sysmem.o
 .comment       0x0000000000000043       0x44 ./Core/Src/system_stm32f1xx.o
 .comment       0x0000000000000043       0x44 ./Drivers/ARM_Drivers/Delay_Micros/dwt_stm32_delay.o
 .comment       0x0000000000000043       0x44 ./Drivers/Device_Drivers/HD44780_LCD.o
 .comment       0x0000000000000043       0x44 ./Drivers/Device_Drivers/Matrix_Keypad.o
 .comment       0x0000000000000043       0x44 ./Drivers/STM32F1xx_HAL_Driver/Src/stm32f1xx_hal.o
 .comment       0x0000000000000043       0x44 ./Drivers/STM32F1xx_HAL_Driver/Src/stm32f1xx_hal_cortex.o
 .comment       0x0000000000000043       0x44 ./Drivers/STM32F1xx_HAL_Driver/Src/stm32f1xx_hal_gpio.o
 .comment       0x0000000000000043       0x44 ./Drivers/STM32F1xx_HAL_Driver/Src/stm32f1xx_hal_rcc.o

.debug_info     0x0000000000000000     0x3ad3
 .debug_info    0x0000000000000000      0x6c2 ./Core/Src/main.o
 .debug_info    0x00000000000006c2      0x1f8 ./Core/Src/stm32f1xx_hal_msp.o
 .debug_info    0x00000000000008ba      0x11a ./Core/Src/stm32f1xx_it.o
 .debug_info    0x00000000000009d4      0x168 ./Core/Src/sysmem.o
 .debug_info    0x0000000000000b3c      0x222 ./Core/Src/system_stm32f1xx.o
 .debug_info    0x0000000000000d5e       0x23 ./Core/Startup/startup_stm32f103c8tx.o
 .debug_info    0x0000000000000d81      0x22c ./Drivers/ARM_Drivers/Delay_Micros/dwt_stm32_delay.o
 .debug_info    0x0000000000000fad      0x812 ./Drivers/Device_Drivers/HD44780_LCD.o
 .debug_info    0x00000000000017bf      0x409 ./Drivers/Device_Drivers/Matrix_Keypad.o
 .debug_info    0x0000000000001bc8      0x704 ./Drivers/STM32F1xx_HAL_Driver/Src/stm32f1xx_hal.o
 .debug_info    0x00000000000022cc      0xa87 ./Drivers/STM32F1xx_HAL_Driver/Src/stm32f1xx_hal_cortex.o
 .debug_info    0x0000000000002d53      0x5ab ./Drivers/STM32F1xx_HAL_Driver/Src/stm32f1xx_hal_gpio.o
 .debug_info    0x00000000000032fe      0x7d5 ./Drivers/STM32F1xx_HAL_Driver/Src/stm32f1xx_hal_rcc.o

.debug_abbrev   0x0000000000000000     0x1414
 .debug_abbrev  0x0000000000000000      0x276 ./Core/Src/main.o
 .debug_abbrev  0x0000000000000276       0xdb ./Core/Src/stm32f1xx_hal_msp.o
 .debug_abbrev  0x0000000000000351       0x73 ./Core/Src/stm32f1xx_it.o
 .debug_abbrev  0x00000000000003c4       0xbc ./Core/Src/sysmem.o
 .debug_abbrev  0x0000000000000480      0x13f ./Core/Src/system_stm32f1xx.o
 .debug_abbrev  0x00000000000005bf       0x12 ./Core/Startup/startup_stm32f103c8tx.o
 .debug_abbrev  0x00000000000005d1       0xab ./Drivers/ARM_Drivers/Delay_Micros/dwt_stm32_delay.o
 .debug_abbrev  0x000000000000067c      0x221 ./Drivers/Device_Drivers/HD44780_LCD.o
 .debug_abbrev  0x000000000000089d      0x201 ./Drivers/Device_Drivers/Matrix_Keypad.o
 .debug_abbrev  0x0000000000000a9e      0x201 ./Drivers/STM32F1xx_HAL_Driver/Src/stm32f1xx_hal.o
 .debug_abbrev  0x0000000000000c9f      0x2f8 ./Drivers/STM32F1xx_HAL_Driver/Src/stm32f1xx_hal_cortex.o
 .debug_abbrev  0x0000000000000f97      0x1ca ./Drivers/STM32F1xx_HAL_Driver/Src/stm32f1xx_hal_gpio.o
 .debug_abbrev  0x0000000000001161      0x2b3 ./Drivers/STM32F1xx_HAL_Driver/Src/stm32f1xx_hal_rcc.o

.debug_aranges  0x0000000000000000      0x508
 .debug_aranges
                0x0000000000000000       0x38 ./Core/Src/main.o
 .debug_aranges
                0x0000000000000038       0x20 ./Core/Src/stm32f1xx_hal_msp.o
 .debug_aranges
                0x0000000000000058       0x60 ./Core/Src/stm32f1xx_it.o
 .debug_aranges
                0x00000000000000b8       0x20 ./Core/Src/sysmem.o
 .debug_aranges
                0x00000000000000d8       0x28 ./Core/Src/system_stm32f1xx.o
 .debug_aranges
                0x0000000000000100       0x28 ./Core/Startup/startup_stm32f103c8tx.o
 .debug_aranges
                0x0000000000000128       0x20 ./Drivers/ARM_Drivers/Delay_Micros/dwt_stm32_delay.o
 .debug_aranges
                0x0000000000000148       0xa0 ./Drivers/Device_Drivers/HD44780_LCD.o
 .debug_aranges
                0x00000000000001e8       0x58 ./Drivers/Device_Drivers/Matrix_Keypad.o
 .debug_aranges
                0x0000000000000240       0xe0 ./Drivers/STM32F1xx_HAL_Driver/Src/stm32f1xx_hal.o
 .debug_aranges
                0x0000000000000320      0x100 ./Drivers/STM32F1xx_HAL_Driver/Src/stm32f1xx_hal_cortex.o
 .debug_aranges
                0x0000000000000420       0x58 ./Drivers/STM32F1xx_HAL_Driver/Src/stm32f1xx_hal_gpio.o
 .debug_aranges
                0x0000000000000478       0x90 ./Drivers/STM32F1xx_HAL_Driver/Src/stm32f1xx_hal_rcc.o

.debug_rnglists
                0x0000000000000000      0x391
 .debug_rnglists
                0x0000000000000000       0x26 ./Core/Src/main.o
 .debug_rnglists
                0x0000000000000026       0x13 ./Core/Src/stm32f1xx_hal_msp.o
 .debug_rnglists
                0x0000000000000039       0x43 ./Core/Src/stm32f1xx_it.o
 .debug_rnglists
                0x000000000000007c       0x13 ./Core/Src/sysmem.o
 .debug_rnglists
                0x000000000000008f       0x1a ./Core/Src/system_stm32f1xx.o
 .debug_rnglists
                0x00000000000000a9       0x19 ./Core/Startup/startup_stm32f103c8tx.o
 .debug_rnglists
                0x00000000000000c2       0x13 ./Drivers/ARM_Drivers/Delay_Micros/dwt_stm32_delay.o
 .debug_rnglists
                0x00000000000000d5       0x75 ./Drivers/Device_Drivers/HD44780_LCD.o
 .debug_rnglists
                0x000000000000014a       0x3e ./Drivers/Device_Drivers/Matrix_Keypad.o
 .debug_rnglists
                0x0000000000000188       0xa3 ./Drivers/STM32F1xx_HAL_Driver/Src/stm32f1xx_hal.o
 .debug_rnglists
                0x000000000000022b       0xbb ./Drivers/STM32F1xx_HAL_Driver/Src/stm32f1xx_hal_cortex.o
 .debug_rnglists
                0x00000000000002e6       0x3f ./Drivers/STM32F1xx_HAL_Driver/Src/stm32f1xx_hal_gpio.o
 .debug_rnglists
                0x0000000000000325       0x6c ./Drivers/STM32F1xx_HAL_Driver/Src/stm32f1xx_hal_rcc.o

.debug_macro    0x0000000000000000    0x17293
 .debug_macro   0x0000000000000000      0x2f1 ./Core/Src/main.o
 .debug_macro   0x00000000000002f1      0xa9c ./Core/Src/main.o
 .debug_macro   0x0000000000000d8d      0x20f ./Core/Src/main.o
 .debug_macro   0x0000000000000f9c       0x2e ./Core/Src/main.o
 .debug_macro   0x0000000000000fca       0x22 ./Core/Src/main.o
 .debug_macro   0x0000000000000fec       0x22 ./Core/Src/main.o
 .debug_macro   0x000000000000100e       0x8e ./Core/Src/main.o
 .debug_macro   0x000000000000109c       0x51 ./Core/Src/main.o
 .debug_macro   0x00000000000010ed      0x103 ./Core/Src/main.o
 .debug_macro   0x00000000000011f0       0x6a ./Core/Src/main.o
 .debug_macro   0x000000000000125a      0x1df ./Core/Src/main.o
 .debug_macro   0x0000000000001439       0x1c ./Core/Src/main.o
 .debug_macro   0x0000000000001455       0x22 ./Core/Src/main.o
 .debug_macro   0x0000000000001477       0xbd ./Core/Src/main.o
 .debug_macro   0x0000000000001534      0xd23 ./Core/Src/main.o
 .debug_macro   0x0000000000002257     0xe09e ./Core/Src/main.o
 .debug_macro   0x00000000000102f5       0x6d ./Core/Src/main.o
 .debug_macro   0x0000000000010362     0x348d ./Core/Src/main.o
 .debug_macro   0x00000000000137ef      0x174 ./Core/Src/main.o
 .debug_macro   0x0000000000013963       0x5c ./Core/Src/main.o
 .debug_macro   0x00000000000139bf      0x5bc ./Core/Src/main.o
 .debug_macro   0x0000000000013f7b      0x289 ./Core/Src/main.o
 .debug_macro   0x0000000000014204      0x1cb ./Core/Src/main.o
 .debug_macro   0x00000000000143cf      0x114 ./Core/Src/main.o
 .debug_macro   0x00000000000144e3      0x1b2 ./Core/Src/main.o
 .debug_macro   0x0000000000014695       0x27 ./Core/Src/main.o
 .debug_macro   0x00000000000146bc      0x136 ./Core/Src/main.o
 .debug_macro   0x00000000000147f2      0x1bc ./Core/Src/main.o
 .debug_macro   0x00000000000149ae       0x34 ./Core/Src/main.o
 .debug_macro   0x00000000000149e2       0x3c ./Core/Src/main.o
 .debug_macro   0x0000000000014a1e       0x57 ./Core/Src/main.o
 .debug_macro   0x0000000000014a75       0x87 ./Core/Src/main.o
 .debug_macro   0x0000000000014afc      0x240 ./Core/Src/main.o
 .debug_macro   0x0000000000014d3c      0x140 ./Core/Src/main.o
 .debug_macro   0x0000000000014e7c       0x83 ./Core/Src/main.o
 .debug_macro   0x0000000000014eff       0x61 ./Core/Src/main.o
 .debug_macro   0x0000000000014f60       0x24 ./Core/Src/main.o
 .debug_macro   0x0000000000014f84       0x43 ./Core/Src/main.o
 .debug_macro   0x0000000000014fc7       0x34 ./Core/Src/main.o
 .debug_macro   0x0000000000014ffb       0x16 ./Core/Src/main.o
 .debug_macro   0x0000000000015011       0x35 ./Core/Src/main.o
 .debug_macro   0x0000000000015046      0x369 ./Core/Src/main.o
 .debug_macro   0x00000000000153af       0x10 ./Core/Src/main.o
 .debug_macro   0x00000000000153bf       0x16 ./Core/Src/main.o
 .debug_macro   0x00000000000153d5       0x43 ./Core/Src/main.o
 .debug_macro   0x0000000000015418       0x34 ./Core/Src/main.o
 .debug_macro   0x000000000001544c       0x10 ./Core/Src/main.o
 .debug_macro   0x000000000001545c       0x58 ./Core/Src/main.o
 .debug_macro   0x00000000000154b4       0x8e ./Core/Src/main.o
 .debug_macro   0x0000000000015542       0x1c ./Core/Src/main.o
 .debug_macro   0x000000000001555e      0x177 ./Core/Src/main.o
 .debug_macro   0x00000000000156d5       0x16 ./Core/Src/main.o
 .debug_macro   0x00000000000156eb       0x16 ./Core/Src/main.o
 .debug_macro   0x0000000000015701      0x147 ./Core/Src/main.o
 .debug_macro   0x0000000000015848       0x16 ./Core/Src/main.o
 .debug_macro   0x000000000001585e       0x16 ./Core/Src/main.o
 .debug_macro   0x0000000000015874       0x29 ./Core/Src/main.o
 .debug_macro   0x000000000001589d       0x16 ./Core/Src/main.o
 .debug_macro   0x00000000000158b3       0x20 ./Core/Src/main.o
 .debug_macro   0x00000000000158d3       0x28 ./Core/Src/main.o
 .debug_macro   0x00000000000158fb      0x2f1 ./Core/Src/stm32f1xx_hal_msp.o
 .debug_macro   0x0000000000015bec      0x2fb ./Core/Src/stm32f1xx_it.o
 .debug_macro   0x0000000000015ee7       0xff ./Core/Src/sysmem.o
 .debug_macro   0x0000000000015fe6      0x23c ./Core/Src/sysmem.o
 .debug_macro   0x0000000000016222      0x184 ./Core/Src/system_stm32f1xx.o
 .debug_macro   0x00000000000163a6      0x18e ./Drivers/ARM_Drivers/Delay_Micros/dwt_stm32_delay.o
 .debug_macro   0x0000000000016534      0x32f ./Drivers/Device_Drivers/HD44780_LCD.o
 .debug_macro   0x0000000000016863      0x10e ./Drivers/Device_Drivers/HD44780_LCD.o
 .debug_macro   0x0000000000016971       0x8d ./Drivers/Device_Drivers/HD44780_LCD.o
 .debug_macro   0x00000000000169fe       0x56 ./Drivers/Device_Drivers/HD44780_LCD.o
 .debug_macro   0x0000000000016a54      0x18e ./Drivers/Device_Drivers/Matrix_Keypad.o
 .debug_macro   0x0000000000016be2      0x1a8 ./Drivers/STM32F1xx_HAL_Driver/Src/stm32f1xx_hal.o
 .debug_macro   0x0000000000016d8a      0x184 ./Drivers/STM32F1xx_HAL_Driver/Src/stm32f1xx_hal_cortex.o
 .debug_macro   0x0000000000016f0e      0x1ef ./Drivers/STM32F1xx_HAL_Driver/Src/stm32f1xx_hal_gpio.o
 .debug_macro   0x00000000000170fd      0x196 ./Drivers/STM32F1xx_HAL_Driver/Src/stm32f1xx_hal_rcc.o

.debug_line     0x0000000000000000     0x70f3
 .debug_line    0x0000000000000000      0xa43 ./Core/Src/main.o
 .debug_line    0x0000000000000a43      0x93a ./Core/Src/stm32f1xx_hal_msp.o
 .debug_line    0x000000000000137d      0x9fb ./Core/Src/stm32f1xx_it.o
 .debug_line    0x0000000000001d78      0x56a ./Core/Src/sysmem.o
 .debug_line    0x00000000000022e2      0x726 ./Core/Src/system_stm32f1xx.o
 .debug_line    0x0000000000002a08       0x78 ./Core/Startup/startup_stm32f103c8tx.o
 .debug_line    0x0000000000002a80      0x6e5 ./Drivers/ARM_Drivers/Delay_Micros/dwt_stm32_delay.o
 .debug_line    0x0000000000003165      0xb3e ./Drivers/Device_Drivers/HD44780_LCD.o
 .debug_line    0x0000000000003ca3      0x87a ./Drivers/Device_Drivers/Matrix_Keypad.o
 .debug_line    0x000000000000451d      0x953 ./Drivers/STM32F1xx_HAL_Driver/Src/stm32f1xx_hal.o
 .debug_line    0x0000000000004e70      0xb3b ./Drivers/STM32F1xx_HAL_Driver/Src/stm32f1xx_hal_cortex.o
 .debug_line    0x00000000000059ab      0x9ec ./Drivers/STM32F1xx_HAL_Driver/Src/stm32f1xx_hal_gpio.o
 .debug_line    0x0000000000006397      0xd5c ./Drivers/STM32F1xx_HAL_Driver/Src/stm32f1xx_hal_rcc.o

.debug_str      0x0000000000000000    0x80022
 .debug_str     0x0000000000000000    0x7e5ba ./Core/Src/main.o
                                      0x7e90c (size before relaxing)
 .debug_str     0x000000000007e5ba       0x5a ./Core/Src/stm32f1xx_hal_msp.o
                                      0x7e5e1 (size before relaxing)
 .debug_str     0x000000000007e614       0xc9 ./Core/Src/stm32f1xx_it.o
                                      0x7e5f6 (size before relaxing)
 .debug_str     0x000000000007e6dd      0x4dc ./Core/Src/sysmem.o
                                       0x5fde (size before relaxing)
 .debug_str     0x000000000007ebb9       0x7e ./Core/Src/system_stm32f1xx.o
                                      0x7ac54 (size before relaxing)
 .debug_str     0x000000000007ec37       0x34 ./Core/Startup/startup_stm32f103c8tx.o
                                         0x48 (size before relaxing)
 .debug_str     0x000000000007ec6b      0x106 ./Drivers/ARM_Drivers/Delay_Micros/dwt_stm32_delay.o
                                      0x7acc8 (size before relaxing)
 .debug_str     0x000000000007ed71      0x433 ./Drivers/Device_Drivers/HD44780_LCD.o
                                      0x7e49e (size before relaxing)
 .debug_str     0x000000000007f1a4       0xc9 ./Drivers/Device_Drivers/Matrix_Keypad.o
                                      0x7adad (size before relaxing)
 .debug_str     0x000000000007f26d      0x602 ./Drivers/STM32F1xx_HAL_Driver/Src/stm32f1xx_hal.o
                                      0x7b387 (size before relaxing)
 .debug_str     0x000000000007f86f      0x2b1 ./Drivers/STM32F1xx_HAL_Driver/Src/stm32f1xx_hal_cortex.o
                                      0x7b2d3 (size before relaxing)
 .debug_str     0x000000000007fb20      0x2ed ./Drivers/STM32F1xx_HAL_Driver/Src/stm32f1xx_hal_gpio.o
                                      0x7afda (size before relaxing)
 .debug_str     0x000000000007fe0d      0x215 ./Drivers/STM32F1xx_HAL_Driver/Src/stm32f1xx_hal_rcc.o
                                      0x7b083 (size before relaxing)

.debug_frame    0x0000000000000000     0x16ac
 .debug_frame   0x0000000000000000       0x94 ./Core/Src/main.o
 .debug_frame   0x0000000000000094       0x38 ./Core/Src/stm32f1xx_hal_msp.o
 .debug_frame   0x00000000000000cc      0x104 ./Core/Src/stm32f1xx_it.o
 .debug_frame   0x00000000000001d0       0x34 ./Core/Src/sysmem.o
 .debug_frame   0x0000000000000204       0x58 ./Core/Src/system_stm32f1xx.o
 .debug_frame   0x000000000000025c       0x30 ./Drivers/ARM_Drivers/Delay_Micros/dwt_stm32_delay.o
 .debug_frame   0x000000000000028c      0x27c ./Drivers/Device_Drivers/HD44780_LCD.o
 .debug_frame   0x0000000000000508      0x140 ./Drivers/Device_Drivers/Matrix_Keypad.o
 .debug_frame   0x0000000000000648      0x334 ./Drivers/STM32F1xx_HAL_Driver/Src/stm32f1xx_hal.o
 .debug_frame   0x000000000000097c      0x428 ./Drivers/STM32F1xx_HAL_Driver/Src/stm32f1xx_hal_cortex.o
 .debug_frame   0x0000000000000da4      0x14c ./Drivers/STM32F1xx_HAL_Driver/Src/stm32f1xx_hal_gpio.o
 .debug_frame   0x0000000000000ef0      0x218 ./Drivers/STM32F1xx_HAL_Driver/Src/stm32f1xx_hal_rcc.o
 .debug_frame   0x0000000000001108      0x13c E:/STM32CubeIDE_1.13.1/STM32CubeIDE/plugins/com.st.stm32cube.ide.mcu.externaltools.gnu-tools-for-stm32.11.3.rel1.win32_1.1.0.202305231506/tools/bin/../lib/gcc/arm-none-eabi/11.3.1/../../../../arm-none-eabi/lib/thumb/v7-m/nofp\libc_nano.a(libc_a-findfp.o)
 .debug_frame   0x0000000000001244       0x6c E:/STM32CubeIDE_1.13.1/STM32CubeIDE/plugins/com.st.stm32cube.ide.mcu.externaltools.gnu-tools-for-stm32.11.3.rel1.win32_1.1.0.202305231506/tools/bin/../lib/gcc/arm-none-eabi/11.3.1/../../../../arm-none-eabi/lib/thumb/v7-m/nofp\libc_nano.a(libc_a-sprintf.o)
 .debug_frame   0x00000000000012b0       0x20 E:/STM32CubeIDE_1.13.1/STM32CubeIDE/plugins/com.st.stm32cube.ide.mcu.externaltools.gnu-tools-for-stm32.11.3.rel1.win32_1.1.0.202305231506/tools/bin/../lib/gcc/arm-none-eabi/11.3.1/../../../../arm-none-eabi/lib/thumb/v7-m/nofp\libc_nano.a(libc_a-memset.o)
 .debug_frame   0x00000000000012d0       0x38 E:/STM32CubeIDE_1.13.1/STM32CubeIDE/plugins/com.st.stm32cube.ide.mcu.externaltools.gnu-tools-for-stm32.11.3.rel1.win32_1.1.0.202305231506/tools/bin/../lib/gcc/arm-none-eabi/11.3.1/../../../../arm-none-eabi/lib/thumb/v7-m/nofp\libc_nano.a(libc_a-reent.o)
 .debug_frame   0x0000000000001308       0x20 E:/STM32CubeIDE_1.13.1/STM32CubeIDE/plugins/com.st.stm32cube.ide.mcu.externaltools.gnu-tools-for-stm32.11.3.rel1.win32_1.1.0.202305231506/tools/bin/../lib/gcc/arm-none-eabi/11.3.1/../../../../arm-none-eabi/lib/thumb/v7-m/nofp\libc_nano.a(libc_a-errno.o)
 .debug_frame   0x0000000000001328       0x2c E:/STM32CubeIDE_1.13.1/STM32CubeIDE/plugins/com.st.stm32cube.ide.mcu.externaltools.gnu-tools-for-stm32.11.3.rel1.win32_1.1.0.202305231506/tools/bin/../lib/gcc/arm-none-eabi/11.3.1/../../../../arm-none-eabi/lib/thumb/v7-m/nofp\libc_nano.a(libc_a-init.o)
 .debug_frame   0x0000000000001354       0xb0 E:/STM32CubeIDE_1.13.1/STM32CubeIDE/plugins/com.st.stm32cube.ide.mcu.externaltools.gnu-tools-for-stm32.11.3.rel1.win32_1.1.0.202305231506/tools/bin/../lib/gcc/arm-none-eabi/11.3.1/../../../../arm-none-eabi/lib/thumb/v7-m/nofp\libc_nano.a(libc_a-lock.o)
 .debug_frame   0x0000000000001404       0x38 E:/STM32CubeIDE_1.13.1/STM32CubeIDE/plugins/com.st.stm32cube.ide.mcu.externaltools.gnu-tools-for-stm32.11.3.rel1.win32_1.1.0.202305231506/tools/bin/../lib/gcc/arm-none-eabi/11.3.1/../../../../arm-none-eabi/lib/thumb/v7-m/nofp\libc_nano.a(libc_a-freer.o)
 .debug_frame   0x000000000000143c       0x50 E:/STM32CubeIDE_1.13.1/STM32CubeIDE/plugins/com.st.stm32cube.ide.mcu.externaltools.gnu-tools-for-stm32.11.3.rel1.win32_1.1.0.202305231506/tools/bin/../lib/gcc/arm-none-eabi/11.3.1/../../../../arm-none-eabi/lib/thumb/v7-m/nofp\libc_nano.a(libc_a-mallocr.o)
 .debug_frame   0x000000000000148c       0x30 E:/STM32CubeIDE_1.13.1/STM32CubeIDE/plugins/com.st.stm32cube.ide.mcu.externaltools.gnu-tools-for-stm32.11.3.rel1.win32_1.1.0.202305231506/tools/bin/../lib/gcc/arm-none-eabi/11.3.1/../../../../arm-none-eabi/lib/thumb/v7-m/nofp\libc_nano.a(libc_a-mlock.o)
 .debug_frame   0x00000000000014bc       0x90 E:/STM32CubeIDE_1.13.1/STM32CubeIDE/plugins/com.st.stm32cube.ide.mcu.externaltools.gnu-tools-for-stm32.11.3.rel1.win32_1.1.0.202305231506/tools/bin/../lib/gcc/arm-none-eabi/11.3.1/../../../../arm-none-eabi/lib/thumb/v7-m/nofp\libc_nano.a(libc_a-nano-svfprintf.o)
 .debug_frame   0x000000000000154c       0x60 E:/STM32CubeIDE_1.13.1/STM32CubeIDE/plugins/com.st.stm32cube.ide.mcu.externaltools.gnu-tools-for-stm32.11.3.rel1.win32_1.1.0.202305231506/tools/bin/../lib/gcc/arm-none-eabi/11.3.1/../../../../arm-none-eabi/lib/thumb/v7-m/nofp\libc_nano.a(libc_a-nano-vfprintf_i.o)
 .debug_frame   0x00000000000015ac       0x28 E:/STM32CubeIDE_1.13.1/STM32CubeIDE/plugins/com.st.stm32cube.ide.mcu.externaltools.gnu-tools-for-stm32.11.3.rel1.win32_1.1.0.202305231506/tools/bin/../lib/gcc/arm-none-eabi/11.3.1/../../../../arm-none-eabi/lib/thumb/v7-m/nofp\libc_nano.a(libc_a-memmove.o)
 .debug_frame   0x00000000000015d4       0x2c E:/STM32CubeIDE_1.13.1/STM32CubeIDE/plugins/com.st.stm32cube.ide.mcu.externaltools.gnu-tools-for-stm32.11.3.rel1.win32_1.1.0.202305231506/tools/bin/../lib/gcc/arm-none-eabi/11.3.1/../../../../arm-none-eabi/lib/thumb/v7-m/nofp\libc_nano.a(libc_a-sbrkr.o)
 .debug_frame   0x0000000000001600       0x28 E:/STM32CubeIDE_1.13.1/STM32CubeIDE/plugins/com.st.stm32cube.ide.mcu.externaltools.gnu-tools-for-stm32.11.3.rel1.win32_1.1.0.202305231506/tools/bin/../lib/gcc/arm-none-eabi/11.3.1/../../../../arm-none-eabi/lib/thumb/v7-m/nofp\libc_nano.a(libc_a-memchr-stub.o)
 .debug_frame   0x0000000000001628       0x28 E:/STM32CubeIDE_1.13.1/STM32CubeIDE/plugins/com.st.stm32cube.ide.mcu.externaltools.gnu-tools-for-stm32.11.3.rel1.win32_1.1.0.202305231506/tools/bin/../lib/gcc/arm-none-eabi/11.3.1/../../../../arm-none-eabi/lib/thumb/v7-m/nofp\libc_nano.a(libc_a-memcpy-stub.o)
 .debug_frame   0x0000000000001650       0x3c E:/STM32CubeIDE_1.13.1/STM32CubeIDE/plugins/com.st.stm32cube.ide.mcu.externaltools.gnu-tools-for-stm32.11.3.rel1.win32_1.1.0.202305231506/tools/bin/../lib/gcc/arm-none-eabi/11.3.1/../../../../arm-none-eabi/lib/thumb/v7-m/nofp\libc_nano.a(libc_a-reallocr.o)
 .debug_frame   0x000000000000168c       0x20 E:/STM32CubeIDE_1.13.1/STM32CubeIDE/plugins/com.st.stm32cube.ide.mcu.externaltools.gnu-tools-for-stm32.11.3.rel1.win32_1.1.0.202305231506/tools/bin/../lib/gcc/arm-none-eabi/11.3.1/../../../../arm-none-eabi/lib/thumb/v7-m/nofp\libc_nano.a(libc_a-msizer.o)

.debug_line_str
                0x0000000000000000       0x3c
 .debug_line_str
                0x0000000000000000       0x3c ./Core/Startup/startup_stm32f103c8tx.o
                                         0x54 (size before relaxing)
